
> tangerine-website@0.1.0 build
> next build --turbopack

   ▲ Next.js 15.5.4 (Turbopack)

   Creating an optimized production build ...
 ✓ Finished writing to disk in 62ms
